// Jest Snapshot v1, https://goo.gl/fbAQLP

exports[`Snapshot Input 1`] = `
<DocumentFragment>
  <div
    class="imageWrapper"
  >
    <img
      alt="image-0"
      class="img"
      src="https://encrypted-tbn0.gstatic.com/images?q=tbn:ANd9GcRJgbhoPzhSGlHth9jG-UnNQm3TKFFmGVvrXg&usqp=CAU"
      style="display: none;"
    />
    <img
      alt="image-1"
      class="img"
      src="https://images.unsplash.com/photo-1503023345310-bd7c1de61c7d?ixlib=rb-4.0.3&ixid=M3wxMjA3fDB8MHxzZWFyY2h8Mnx8aHVtYW58ZW58MHx8MHx8fDA%3D&w=1000&q=80"
      style="display: none;"
    />
  </div>
</DocumentFragment>
`;
